// Jest Snapshot v1, https://goo.gl/fbAQLP

exports[`Snapshot test of button should render a button 1`] = `
<button
  className="button"
/>
`;
