// Jest Snapshot v1, https://goo.gl/fbAQLP

exports[`Tile Test 0  a button should be rendered 1`] = `
<button
  className="tile"
  onClick={[Function]}
>
  B
</button>
`;
